../Src/can.c:32:6:HAL_CAN_RxFifo0MsgPendingCallback	16	static
../Src/can.c:45:6:HAL_CAN_RxFifo1MsgPendingCallback	16	static
../Src/can.c:52:6:COM_RunCanAction1	16	static
../Src/can.c:169:6:COM_RunCanAction2	8	static
../Src/can.c:189:6:SendInstructions	32	static
../Src/can.c:247:6:SendAngles	4	static
../Src/can.c:283:6:SendSpeeds	4	static
../Src/can.c:320:6:SendGripper	8	static
../Src/can.c:329:6:ReadToInstructions	16	static
../Src/can.c:376:6:MX_CAN1_Init	48	static
../Src/can.c:432:6:MX_CAN2_Init	48	static
../Src/can.c:489:6:HAL_CAN_MspInit	48	static
../Src/can.c:567:6:HAL_CAN_MspDeInit	16	static
