../Src/stm32f4xx_it.c:66:6:NMI_Handler	4	static
../Src/stm32f4xx_it.c:79:6:HardFault_Handler	4	static
../Src/stm32f4xx_it.c:97:6:MemManage_Handler	4	static
../Src/stm32f4xx_it.c:115:6:BusFault_Handler	4	static
../Src/stm32f4xx_it.c:133:6:UsageFault_Handler	4	static
../Src/stm32f4xx_it.c:151:6:SVC_Handler	4	static
../Src/stm32f4xx_it.c:164:6:DebugMon_Handler	4	static
../Src/stm32f4xx_it.c:177:6:PendSV_Handler	4	static
../Src/stm32f4xx_it.c:190:6:SysTick_Handler	8	static
../Src/stm32f4xx_it.c:212:6:DMA1_Stream0_IRQHandler	8	static
../Src/stm32f4xx_it.c:226:6:DMA1_Stream1_IRQHandler	8	static
../Src/stm32f4xx_it.c:240:6:DMA1_Stream2_IRQHandler	8	static
../Src/stm32f4xx_it.c:254:6:DMA1_Stream3_IRQHandler	8	static
../Src/stm32f4xx_it.c:268:6:DMA1_Stream4_IRQHandler	8	static
../Src/stm32f4xx_it.c:282:6:DMA1_Stream5_IRQHandler	8	static
../Src/stm32f4xx_it.c:296:6:DMA1_Stream6_IRQHandler	8	static
../Src/stm32f4xx_it.c:310:6:CAN1_TX_IRQHandler	8	static
../Src/stm32f4xx_it.c:324:6:CAN1_RX0_IRQHandler	8	static
../Src/stm32f4xx_it.c:338:6:CAN1_RX1_IRQHandler	8	static
../Src/stm32f4xx_it.c:352:6:USART1_IRQHandler	8	static
../Src/stm32f4xx_it.c:366:6:DMA1_Stream7_IRQHandler	8	static
../Src/stm32f4xx_it.c:380:6:DMA2_Stream0_IRQHandler	8	static
../Src/stm32f4xx_it.c:394:6:DMA2_Stream2_IRQHandler	8	static
../Src/stm32f4xx_it.c:408:6:DMA2_Stream3_IRQHandler	8	static
../Src/stm32f4xx_it.c:422:6:CAN2_TX_IRQHandler	8	static
../Src/stm32f4xx_it.c:436:6:CAN2_RX0_IRQHandler	8	static
../Src/stm32f4xx_it.c:450:6:CAN2_RX1_IRQHandler	8	static
../Src/stm32f4xx_it.c:464:6:DMA2_Stream7_IRQHandler	8	static
